
> ta1-7@1.0.0 build
> tsc && vite build

src/hooks/useTaskManager.ts(44,11): error TS2345: Argument of type 'unknown[]' is not assignable to parameter of type '[] | [params: { chromePath?: string | undefined; headless?: boolean | undefined; storageState?: string | undefined; platform: LiveControlPlatform; account: Account; }] | ... 38 more ... | [dismissed: ...]'.
  Type 'unknown[]' is not assignable to type '[dismissed: boolean]'.
    Target requires 1 element(s) but source may have fewer.
src/pages/LiveControl/components/StatusCard.tsx(201,17): error TS2339: Property 'warning' does not exist on type '{ success: (message: string) => { id: string; dismiss: () => void; update: (props: ToasterToast) => void; }; error: (message: string) => { id: string; dismiss: () => void; update: (props: ToasterToast) => void; }; }'.
